[debug] [2026-04-30T00:06:46.658Z] ----------------------------------------------------------------------
[debug] [2026-04-30T00:06:46.660Z] Command:       d:\progrmação\node.exe C:\Users\Gabriel_PC\AppData\Roaming\npm\node_modules\firebase-tools\lib\bin\firebase.js init hosting
[debug] [2026-04-30T00:06:46.660Z] CLI Version:   15.15.0
[debug] [2026-04-30T00:06:46.660Z] Platform:      win32
[debug] [2026-04-30T00:06:46.660Z] Node Version:  v24.15.0
[debug] [2026-04-30T00:06:46.660Z] Time:          Wed Apr 29 2026 21:06:46 GMT-0300 (Horário Padrão de Brasília)
[debug] [2026-04-30T00:06:46.660Z] ----------------------------------------------------------------------
[debug] 
[info] 
     ######## #### ########  ######## ########     ###     ######  ########
     ##        ##  ##     ## ##       ##     ##  ##   ##  ##       ##
     ######    ##  ########  ######   ########  #########  ######  ######
     ##        ##  ##    ##  ##       ##     ## ##     ##       ## ##
     ##       #### ##     ## ######## ########  ##     ##  ######  ########

You're about to initialize a Firebase project in this directory:

  C:\Users\Gabriel_PC\OneDrive\Desktop\loja

[info] 
=== Project Setup
[info] 
[info] First, let's associate this project directory with a Firebase project.
[info] You can create multiple project aliases by running firebase use --add, 
[info] 
